// Jest Snapshot v1, https://goo.gl/fbAQLP

exports[`should render EditExpense correctly 1`] = `
<div>
  <div
    className="page-header"
  >
    <div
      className="content-container"
    >
      <h1
        className="page-header__title"
      >
        Edit Expense
      </h1>
    </div>
  </div>
  <div
    className="content-container"
  >
    <Form
      expense={
        Object {
          "amount": 20000,
          "createdAt": 0,
          "description": "Rent",
          "id": "1",
          "note": "Cracow",
        }
      }
      onSubmit={[Function]}
    />
    <button
      className="button"
      onClick={[Function]}
    >
      Remove Expense
    </button>
    <Modal
      ariaHideApp={false}
      bodyOpenClassName="ReactModal__Body--open"
      className="modal"
      closeTimeoutMS={250}
      contentLabel="Confirmation of removal"
      isOpen={false}
      onRequestClose={[Function]}
      parentSelector={[Function]}
      portalClassName="ReactModalPortal"
      role="dialog"
      shouldCloseOnEsc={true}
      shouldCloseOnOverlayClick={true}
      shouldFocusAfterRender={true}
      shouldReturnFocusAfterClose={true}
    >
      <h4
        className="modal__title"
      >
        Are you sure you want to delete this expense?
      </h4>
      <button
        className="button button--remove"
        onClick={[Function]}
      >
        Yes, remove it
      </button>
    </Modal>
  </div>
</div>
`;
