// Jest Snapshot v1, https://goo.gl/fbAQLP

exports[`should render EditExpense correctly 1`] = `
<div>
  EditExpense
  <Form
    expense={
      Object {
        "amount": 20000,
        "createdAt": 0,
        "description": "Rent",
        "id": "1",
        "note": "Cracow",
      }
    }
    onSubmit={[Function]}
  />
  <button
    onClick={[Function]}
  >
    Remove Expense
  </button>
</div>
`;
